// Jest Snapshot v1, https://goo.gl/fbAQLP

exports[`Select Default renders 1`] = `
<DocumentFragment>
  <select
    class="select"
    name="title"
  >
    <option
      value="option_1"
    >
      Option 1
    </option>
    <option
      value="option_2"
    >
      Option 2
    </option>
    <option
      value="option_3"
    >
      Option 3
    </option>
  </select>
</DocumentFragment>
`;
