// Jest Snapshot v1, https://goo.gl/fbAQLP

exports[`ErrorField renders 1`] = `
<DocumentFragment>
  .c1 {
  display: block;
  font-size: 0.7rem;
  color: hsl(354,83%,64%);
}

.styles__TextFieldInputStyle-sc-1jl38sp-0 + .c0,
.sc-gsTCUz + .c1,
.sc-hKgILt + .c1 {
  margin-top: 0.3125rem;
}

<span
    class="c0 c1 error-field"
    color="danger"
  >
    operation failed.
  </span>
</DocumentFragment>
`;
