// Jest Snapshot v1, https://goo.gl/fbAQLP

exports[`TableDnD renders 1`] = `
<DocumentFragment>
  .c4 {
  position: relative;
  border: 0.125rem solid #939393;
  border-radius: 999px;
  width: 30px;
  height: 30px;
  overflow: hidden;
  z-index: 0;
}

.c4 > * {
  width: 100%;
  height: 100%;
}

.c4 img {
  object-fit: cover;
}

.c5 {
  --bg: #939393;
  --txt: #ffffff;
  --hover: #939393;
  margin: 0;
  border-width: 0;
  border-style: solid;
  border-color: var(--bg);
  border-radius: 0;
  background-color: transparent;
  width: -webkit-min-content;
  width: -moz-min-content;
  width: min-content;
  min-width: 2.625rem;
  height: 2.75rem;
  display: -webkit-box;
  display: -webkit-flex;
  display: -ms-flexbox;
  display: flex;
  -webkit-box-pack: center;
  -webkit-justify-content: center;
  -ms-flex-pack: center;
  justify-content: center;
  -webkit-align-items: center;
  -webkit-box-align: center;
  -ms-flex-align: center;
  align-items: center;
  padding: 0;
  white-space: nowrap;
  -webkit-text-decoration: none;
  text-decoration: none;
  -webkit-transition-duration: 0.3s;
  transition-duration: 0.3s;
  cursor: pointer;
}

.c5:hover {
  border-color: var(--hover);
  background-color: transparent;
}

.c5:hover span {
  color: var(--hover);
}

.c5:hover svg {
  fill: var(--hover);
}

.c5:disabled {
  cursor: inherit;
  opacity: 0.5;
}

.c5:disabled:hover {
  background-color: transparent;
  pointer-events: none;
}

.c5 > *:not(:last-child) {
  margin-left: 0;
  margin-right: 0.875rem;
}

.c5 .spinner {
  -webkit-order: 1;
  -ms-flex-order: 1;
  order: 1;
  border-top-color: var(--button);
}

.c5 span {
  position: relative;
  font-size: 1rem;
  font-weight: 500;
  line-height: 1rem;
  color: var(--bg);
  pointer-events: none;
  -webkit-transition-duration: 0.3s;
  transition-duration: 0.3s;
  -webkit-order: 2;
  -ms-flex-order: 2;
  order: 2;
}

.c5 svg {
  -webkit-order: 1;
  -ms-flex-order: 1;
  order: 1;
  width: 1.25rem;
  height: 1.25rem;
  fill: var(--bg);
  -webkit-transition: 0.3s;
  transition: 0.3s;
}

.c0 {
  position: relative;
}

.c2 {
  position: relative;
  width: 100%;
  border-width: 0;
  border-style: solid;
  border-color: #939393;
  border-radius: 0.375rem;
  border-spacing: 0;
  white-space: nowrap;
  table-layout: auto;
}

.c2 th,
.c2 td {
  height: 3.125rem;
  padding: 0 0.9375rem;
}

.c2 th.center,
.c2 td.center {
  text-align: center;
}

.c2 th.center > div,
.c2 td.center > div {
  -webkit-box-pack: center;
  -webkit-justify-content: center;
  -ms-flex-pack: center;
  justify-content: center;
}

.c2 th.right,
.c2 td.right {
  text-align: right;
}

.c2 th.right > div,
.c2 td.right > div {
  -webkit-box-pack: end;
  -webkit-justify-content: flex-end;
  -ms-flex-pack: end;
  justify-content: flex-end;
}

.c2 th.kai,
.c2 td.kai {
  text-align: right;
}

.c2 th.kai > div,
.c2 td.kai > div {
  -webkit-box-pack: end;
  -webkit-justify-content: flex-end;
  -ms-flex-pack: end;
  justify-content: flex-end;
}

.c2 th.avatar > div,
.c2 td.avatar > div {
  display: -webkit-box;
  display: -webkit-flex;
  display: -ms-flexbox;
  display: flex;
  -webkit-align-items: center;
  -webkit-box-align: center;
  -ms-flex-align: center;
  align-items: center;
}

.c2 th.avatar > div .avatar-img,
.c2 td.avatar > div .avatar-img {
  margin-right: 0.9375rem;
}

.c2 th {
  font-size: 0.85rem;
}

.c2 th:first-child {
  border-top-left-radius: 0.375rem;
}

.c2 th:last-child {
  border-top-right-radius: 0.375rem;
}

.c2 tr {
  border: 0.0625rem solid #939393;
  border-radius: 0.375rem;
  position: relative;
}

.c2 tr:not(:last-child) {
  margin-bottom: 0.9375rem;
}

.c2 thead {
  border: none;
  -webkit-clip: rect(0 0 0 0);
  clip: rect(0 0 0 0);
  height: 0.0625rem;
  margin: -0.0625rem;
  overflow: hidden;
  padding: 0;
  position: absolute;
  width: 0.0625rem;
}

.c2 tbody tr {
  display: block;
  -webkit-transition-duration: 0.3s;
  transition-duration: 0.3s;
}

.c2 tbody tr:hover {
  background-color: #c4c7d3;
}

.c2 tbody tr:hover td.drag-handle svg {
  fill: #939393;
}

.c2 tbody tr:hover td.menu button {
  opacity: 1;
}

.c2 tbody td {
  border-top: 0.0625rem solid #939393;
  height: inherit;
  min-height: 3.125rem;
  padding: 0.9375rem;
  display: -webkit-box;
  display: -webkit-flex;
  display: -ms-flexbox;
  display: flex;
  -webkit-box-pack: end;
  -webkit-justify-content: flex-end;
  -ms-flex-pack: end;
  justify-content: flex-end;
}

.c2 tbody td.drag-handle > div {
  width: -webkit-min-content;
  width: -moz-min-content;
  width: min-content;
}

.c2 tbody td.drag-handle svg {
  width: 1.875rem;
  height: 1.875rem;
  fill: #939393;
  -webkit-transition-duration: 0.3s;
  transition-duration: 0.3s;
}

.c2 tbody td > div {
  margin-left: 6.25rem;
  height: 100%;
  display: -webkit-box;
  display: -webkit-flex;
  display: -ms-flexbox;
  display: flex;
  -webkit-box-pack: end;
  -webkit-justify-content: flex-end;
  -ms-flex-pack: end;
  justify-content: flex-end;
  -webkit-align-items: center;
  -webkit-box-align: center;
  -ms-flex-align: center;
  align-items: center;
  -webkit-flex-wrap: nowrap;
  -ms-flex-wrap: nowrap;
  flex-wrap: nowrap;
  text-align: right;
}

.c2 tbody td > div > span {
  display: none;
}

.c2 tbody td > div > span:first-child,
.c2 tbody td > div > span:last-child {
  display: inherit;
}

.c2 tbody td img {
  min-width: 1.875rem;
  min-height: 1.875rem;
}

.c2 tbody td a {
  display: -webkit-box;
  display: -webkit-flex;
  display: -ms-flexbox;
  display: flex;
  -webkit-align-items: center;
  -webkit-box-align: center;
  -ms-flex-align: center;
  align-items: center;
  color: #000000;
  -webkit-text-decoration-color: #939393;
  text-decoration-color: #939393;
}

.c2 tbody td:first-child {
  border: 0;
}

.c2 tbody td:before {
  position: absolute;
  left: 0.9375rem;
  content: attr(data-label);
  font-weight: 700;
  text-transform: capitalize;
}

.c2 tbody td.kai svg {
  float: right;
  width: auto;
  min-width: 1.25rem;
  max-height: 1.25rem;
}

.c2 tbody td .avatar-img {
  display: none;
}

.c2 tbody td .tag {
  margin: 0;
}

.c2 tbody td .tag:not(:first-child) {
  display: none;
}

.c2 tbody td.menu {
  padding: 0 0.625rem 0 0;
}

.c2 tbody td.menu button {
  margin-top: 0.3125rem;
  -webkit-transition: 0.3s;
  transition: 0.3s;
}

.c2 tbody td.menu ul {
  top: 2.25rem;
  margin-left: -10.625rem;
}

.c3[data-rbd-draggable-id=''] {
  position: absolute;
  display: table;
  width: 100%;
}

@media (min-width:700px) {
  .c1 {
    display: block;
    border-radius: 0.375rem;
    background: linear-gradient(to right,#ffffff 30%,rgba(255,255,255,0)), linear-gradient(to right,rgba(255,255,255,0),#ffffff 70%) 0 100%, radial-gradient( farthest-side at 0% 50%, rgba(0,0,0,0.2), rgba(0,0,0,0) ), radial-gradient( farthest-side at 100% 50%, rgba(0,0,0,0.2), rgba(0,0,0,0) ) 0 100%;
    background-repeat: no-repeat;
    background-color: #fff;
    background-size: 2.5rem 100%,2.5rem 100%, 0.875rem 100%,0.875rem 100%;
    background-position: 0 0,100%,0 0,100%;
    background-attachment: local,local,scroll,scroll;
    overflow-x: auto;
    -webkit-overflow-scrolling: touch;
    -ms-overflow-style: -ms-autohiding-scrollbar;
    -webkit-scrollbar-width: none;
    -moz-scrollbar-width: none;
    -ms-scrollbar-width: none;
    -webkit-scrollbar-width: none;
    -moz-scrollbar-width: none;
    -ms-scrollbar-width: none;
    scrollbar-width: none;
  }
}

@media (min-width:700px) {
  .c2 th.thin,
  .c2 td.thin {
    max-width: -webkit-min-content;
    max-width: -moz-min-content;
    max-width: min-content;
  }
}

@media (min-width:700px) {
  .c2 tr {
    border: 0;
  }
}

@media (min-width:700px) {
  .c2 thead {
    display: contents;
    font-weight: 700;
    color: #939393;
    text-transform: uppercase;
    text-align: left;
  }
}

@media (min-width:700px) {
  .c2 tbody tr {
    display: table-row;
  }
}

@media (min-width:700px) {
  .c2 tbody td {
    display: table-cell;
    height: 3.125rem;
    padding: 0 0.9375rem;
    -webkit-align-items: center;
    -webkit-box-align: center;
    -ms-flex-align: center;
    align-items: center;
  }

  .c2 tbody td > div {
    position: relative;
    margin-left: 0;
    display: flex-start;
    -webkit-box-pack: start;
    -webkit-justify-content: flex-start;
    -ms-flex-pack: start;
    justify-content: flex-start;
    text-align: left;
  }

  .c2 tbody td > div > span {
    display: inherit;
  }

  .c2 tbody td:first-child {
    border-top: 0.0625rem solid #939393;
  }

  .c2 tbody td:before {
    content: '';
  }

  .c2 tbody td.kai {
    max-width: 6.25rem;
  }

  .c2 tbody td .avatar-img {
    display: inherit;
  }

  .c2 tbody td .tag:not(:first-child) {
    display: inherit;
  }

  .c2 tbody td .tag:not(:last-child) {
    margin-right: 0.3125rem;
  }

  .c2 tbody td.menu {
    width: 2.5rem;
  }

  .c2 tbody td.menu button {
    opacity: 0;
  }
}

<div
    class="c0"
  >
    <div
      class="c1"
    >
      <table
        class="c2 table"
        data-testid="table-test-id"
      >
        <thead>
          <tr>
            <th
              class="thin"
            />
            <th
              class="avatar"
            >
              Last Transaction
            </th>
            <th
              class="kai"
            >
              Amount
            </th>
          </tr>
        </thead>
        <tbody
          data-rbd-droppable-context-id="0"
          data-rbd-droppable-id="droppable"
          style="background: transparent;"
        >
          <tr
            class="c3"
            data-rbd-draggable-context-id="0"
            data-rbd-draggable-id="0"
            data-testid="row-table-test-id"
          >
            <td
              class="thin drag-handle"
            >
              <div
                aria-describedby="rbd-hidden-text-0-hidden-text-0"
                data-rbd-drag-handle-context-id="0"
                data-rbd-drag-handle-draggable-id="0"
                draggable="false"
                role="button"
                tabindex="0"
              >
                <svg
                  class="icon"
                  viewBox="0 0 32 32"
                >
                  <path
                    d="M25.333 12h-18.667c-0.733 0-1.333 0.6-1.333 1.333s0.6 1.333 1.333 1.333h18.667c0.733 0 1.333-0.6 1.333-1.333s-0.6-1.333-1.333-1.333zM6.667 20h18.667c0.733 0 1.333-0.6 1.333-1.333s-0.6-1.333-1.333-1.333h-18.667c-0.733 0-1.333 0.6-1.333 1.333s0.6 1.333 1.333 1.333z"
                  />
                </svg>
              </div>
            </td>
            <td
              class="avatar"
              data-label="Last Transaction"
              data-testid="td-undefined"
            >
              <div>
                <div
                  class="c4 avatar-img"
                  size="30"
                >
                  <img
                    alt="To the Moon"
                    src="./images/default-avatar.svg"
                  />
                </div>
                 To the Moon
              </div>
            </td>
            <td
              class="kai"
              data-label="Amount"
              data-testid="td-undefined"
            >
              <div>
                2700
                <svg
                  class="icon"
                  viewBox="0 0 32 32"
                >
                  <path
                    style="fill: hsl(0, 0%, 16%);"
                  />
                </svg>
              </div>
            </td>
            <td
              class="menu"
              data-testid="table-action-menu"
            >
              <div>
                <button
                  aria-hidden="false"
                  class="c5 button"
                  color="grey"
                  data-event=""
                  data-testid="icon-button"
                  value=""
                >
                  <svg
                    class="icon"
                    viewBox="0 0 32 32"
                  >
                    <path
                      d="M16 10.667c1.473 0 2.667-1.194 2.667-2.667s-1.194-2.667-2.667-2.667c-1.473 0-2.666 1.194-2.667 2.666v0c0.004 1.471 1.196 2.662 2.666 2.667h0zM16 13.333c-1.473 0-2.667 1.194-2.667 2.667s1.194 2.667 2.667 2.667c1.473 0 2.667-1.194 2.667-2.667v0c-0.005-1.471-1.196-2.662-2.666-2.667h-0zM16 21.333c-1.473 0-2.667 1.194-2.667 2.667s1.194 2.667 2.667 2.667c1.473 0 2.667-1.194 2.667-2.667v0c-0.005-1.471-1.196-2.662-2.666-2.667h-0z"
                    />
                  </svg>
                </button>
              </div>
            </td>
          </tr>
        </tbody>
      </table>
    </div>
  </div>
</DocumentFragment>
`;
