// Jest Snapshot v1, https://goo.gl/fbAQLP

exports[`TableDnD renders 1`] = `
<DocumentFragment>
  <div
    class="tableWrapper"
  >
    <div
      class="overflowWrapper"
    >
      <table
        class="table table"
        data-testid="table-test-id"
        style="--tableLayout: auto;"
      >
        <thead>
          <tr>
            <th
              class="thin"
            />
            <th
              class="avatar"
            >
              Last Transaction
            </th>
            <th
              class="kai"
            >
              Amount
            </th>
          </tr>
        </thead>
        <tbody
          data-rbd-droppable-context-id="0"
          data-rbd-droppable-id="droppable"
          style="background: transparent;"
        >
          <tr
            class="tableRow"
            data-rbd-draggable-context-id="0"
            data-rbd-draggable-id="1"
            data-testid="row-table-test-id"
          >
            <td
              class="thin drag-handle"
            >
              <div
                aria-describedby="rbd-hidden-text-0-hidden-text-0"
                data-rbd-drag-handle-context-id="0"
                data-rbd-drag-handle-draggable-id="1"
                draggable="false"
                role="button"
                tabindex="0"
              >
                <svg
                  class="icon"
                  viewBox="0 0 32 32"
                >
                  <path
                    d="M25.333 12h-18.667c-0.733 0-1.333 0.6-1.333 1.333s0.6 1.333 1.333 1.333h18.667c0.733 0 1.333-0.6 1.333-1.333s-0.6-1.333-1.333-1.333zM6.667 20h18.667c0.733 0 1.333-0.6 1.333-1.333s-0.6-1.333-1.333-1.333h-18.667c-0.733 0-1.333 0.6-1.333 1.333s0.6 1.333 1.333 1.333z"
                  />
                </svg>
              </div>
            </td>
            <td
              class="avatar"
              data-label="Last Transaction"
              data-testid="td-undefined"
            >
              <div>
                <div
                  class="wrapper"
                  style="--avatarSize: 30px;"
                >
                  <img
                    alt="To the Moon"
                    src="./images/default-avatar.svg"
                  />
                </div>
                 To the Moon
              </div>
            </td>
            <td
              class="kai"
              data-label="Amount"
              data-testid="td-undefined"
            >
              <div>
                2700
                <svg
                  class="icon"
                  viewBox="0 0 32 32"
                >
                  <path
                    style="fill: hsl(0, 0%, 16%);"
                  />
                </svg>
              </div>
            </td>
            <td
              class="menu"
              data-testid="table-action-menu"
            >
              <div>
                <button
                  aria-hidden="false"
                  class="button variantText iconOnly iconLeft button"
                  data-event=""
                  data-testid="icon-button"
                  style="--bg: #73758C; --txt: #ffffff; --hover: #5C5E70; --buttonMinWidth: 2.625rem; --spinnerOrder: 1; --textOrder: 2; --iconOrder: 1;"
                >
                  <svg
                    class="icon"
                    viewBox="0 0 32 32"
                  >
                    <path
                      d="M16 10.667c1.473 0 2.667-1.194 2.667-2.667s-1.194-2.667-2.667-2.667c-1.473 0-2.666 1.194-2.667 2.666v0c0.004 1.471 1.196 2.662 2.666 2.667h0zM16 13.333c-1.473 0-2.667 1.194-2.667 2.667s1.194 2.667 2.667 2.667c1.473 0 2.667-1.194 2.667-2.667v0c-0.005-1.471-1.196-2.662-2.666-2.667h-0zM16 21.333c-1.473 0-2.667 1.194-2.667 2.667s1.194 2.667 2.667 2.667c1.473 0 2.667-1.194 2.667-2.667v0c-0.005-1.471-1.196-2.662-2.666-2.667h-0z"
                    />
                  </svg>
                </button>
              </div>
            </td>
          </tr>
        </tbody>
      </table>
    </div>
  </div>
</DocumentFragment>
`;
