// Jest Snapshot v1, https://goo.gl/fbAQLP

exports[`TextField renders 1`] = `
<DocumentFragment>
  .c0 {
  border-width: 0 0 1px 0;
  border-style: solid;
  border-color: hsl(0,0%,48%);
  border-radius: 0;
  height: 2.5rem;
  padding: 0;
  font-family: inherit;
  font-size: 1rem;
  -webkit-transition-duration: 0.3s;
  transition-duration: 0.3s;
}

.c0:focus {
  border-color: hsl(256,55%,43%);
  outline: none;
}

.c0:disabled {
  background-color: #ededed;
  color: hsl(0,0%,48%);
}

.c0:invalid {
  border-color: hsl(354,83%,64%);
  outline: none;
  box-shadow: none;
  -webkit-box-shadow: none;
  -moz-box-shadow: none;
}

.c0:required {
  border-color: hsl(0,0%,48%);
}

.c0::-webkit-input-placeholder {
  color: hsl(0,0%,48%);
  opacity: 1;
}

.c0::-moz-placeholder {
  color: hsl(0,0%,48%);
  opacity: 1;
}

.c0:-ms-input-placeholder {
  color: hsl(0,0%,48%);
  opacity: 1;
}

.c0::placeholder {
  color: hsl(0,0%,48%);
  opacity: 1;
}

.c0:-ms-input-placeholder {
  color: hsl(0,0%,48%);
  opacity: 1;
}

.c0::-ms-input-placeholder {
  color: hsl(0,0%,48%);
  opacity: 1;
}

<input
    class="c0 text-field"
    placeholder=""
    type="text"
    value="this is my text"
  />
</DocumentFragment>
`;
