// Jest Snapshot v1, https://goo.gl/fbAQLP

exports[`Empty Table renders 1`] = `
<DocumentFragment>
  <div
    class="wrapper"
  >
    <div
      class="overlay"
    >
      <span>
        No data
      </span>
    </div>
    <div
      class="head hasBorder"
    >
      <div>
        Column 1
      </div>
      <div>
        Column 2
      </div>
      <div>
        Column 3
      </div>
      <div>
        Column 4
      </div>
    </div>
    <div
      class="body hasBorder"
    >
      <div
        class="row"
      >
        <div>
          <div
            class="cellText"
          />
        </div>
        <div>
          <div
            class="cellText"
          />
        </div>
        <div>
          <div
            class="cellText"
          />
        </div>
        <div>
          <div
            class="cellText"
          />
        </div>
      </div>
      <div
        class="row"
      >
        <div>
          <div
            class="cellText"
          />
        </div>
        <div>
          <div
            class="cellText"
          />
        </div>
        <div>
          <div
            class="cellText"
          />
        </div>
        <div>
          <div
            class="cellText"
          />
        </div>
      </div>
      <div
        class="row"
      >
        <div>
          <div
            class="cellText"
          />
        </div>
        <div>
          <div
            class="cellText"
          />
        </div>
        <div>
          <div
            class="cellText"
          />
        </div>
        <div>
          <div
            class="cellText"
          />
        </div>
      </div>
    </div>
  </div>
</DocumentFragment>
`;
