// Jest Snapshot v1, https://goo.gl/fbAQLP

exports[`Tag renders 1`] = `
<DocumentFragment>
  .c0 {
  display: inline-block;
  border: 2px solid #939393;
  border-radius: 999px;
  background-color: #939393;
  max-width: 9.375rem;
  padding: 0.125rem 0.625rem;
  font-size: 0.85rem;
  color: #ffffff;
  white-space: nowrap;
  overflow: hidden;
  text-overflow: ellipsis;
  border-color: #ef5766;
  background-color: #ef5766;
  color: #ffffff;
}

.c0:not(:first-child) {
  margin-left: 5px;
}

<span
    class="c0 tag"
    color="red"
    title="hello"
  >
    hello
  </span>
</DocumentFragment>
`;
