// Jest Snapshot v1, https://goo.gl/fbAQLP

exports[`CheckboxButton renders 1`] = `
<DocumentFragment>
  <label
    class="wrapper checkbox-button isChecked"
  >
    <span
      class="label"
    >
      hello
    </span>
    <input
      aria-checked="true"
      checked=""
      class="input"
      name="check"
      type="checkbox"
    />
    <span
      class="checkmark"
    />
  </label>
</DocumentFragment>
`;
