// Jest Snapshot v1, https://goo.gl/fbAQLP

exports[`Checkbox renders 1`] = `
<DocumentFragment>
  .c0 {
  display: inline-block;
  position: relative;
  height: 1.5rem;
  padding-left: 0;
  cursor: pointer;
  -webkit-user-select: none;
  -moz-user-select: none;
  -ms-user-select: none;
  -webkit-user-select: none;
  -moz-user-select: none;
  -ms-user-select: none;
  user-select: none;
}

.c0:hover input:not(:disabled) ~ span {
  border-color: hsl(0,0%,48%);
}

.c1 {
  padding-left: 1.875rem;
  line-height: 1.5rem;
  vertical-align: middle;
}

.c2 {
  position: absolute;
  opacity: 0;
  cursor: pointer;
}

.c2:checked:not(:disabled) ~ span {
  background-color: hsl(186,62%,59%);
  border-color: #2ba8b6;
}

.c2:checked:not(:disabled) ~ span:after {
  display: block;
}

.c2:checked:disabled ~ span {
  background-color: #e0e0e0;
  color: hsl(0,0%,48%);
}

.c2:checked:disabled ~ span:after {
  display: block;
}

.c2:not(:checked):disabled ~ span {
  background-color: hsl(0,0%,100%);
}

.c2:hover:not(:disabled):checked ~ span {
  border-color: #2ba8b6;
}

.c3 {
  position: absolute;
  top: 0;
  left: 0;
  border: 2px solid #e0e0e0;
  border-radius: 100%;
  width: 1.5rem;
  height: 1.5rem;
  -webkit-transition-duration: 0.3s;
  transition-duration: 0.3s;
}

.c3:after {
  content: '';
  position: absolute;
  display: none;
  top: 3px;
  left: 6px;
  width: 5px;
  height: 9px;
  border: solid hsl(0,0%,100%);
  border-width: 0 3px 3px 0;
  -webkit-transform: rotate(45deg);
  -ms-transform: rotate(45deg);
  -webkit-transform: rotate(45deg);
  -ms-transform: rotate(45deg);
  transform: rotate(45deg);
}

<label
    class="c0 checkbox"
  >
    <span
      class="c1"
    >
      hello
    </span>
    <input
      aria-checked="true"
      checked=""
      class="c2"
      name="check"
      type="checkbox"
    />
    <span
      class="c3"
    />
  </label>
</DocumentFragment>
`;
