// Jest Snapshot v1, https://goo.gl/fbAQLP

exports[`Wizard Steps renders wizard 1`] = `
<DocumentFragment>
  <div
    class="wizard-steps"
    data-testid="wizard-steps-test-id"
  >
    <ul
      class="steps"
    >
      <li
        class="step isActive"
        data-testid="step-undefined"
      >
        <div>
          <span>
            step 1
          </span>
        </div>
      </li>
      <li
        class="step"
        data-testid="step-undefined"
      >
        <div>
          <span>
            step 2
          </span>
        </div>
      </li>
      <li
        class="step"
        data-testid="step-undefined"
      >
        <div>
          <span>
            step 3
          </span>
        </div>
      </li>
    </ul>
  </div>
</DocumentFragment>
`;
