// Jest Snapshot v1, https://goo.gl/fbAQLP

exports[`CheckboxGroup renders 1`] = `
<DocumentFragment>
  <ul
    class="wrapper typeColumn"
  >
    <li>
      <label
        class="wrapper checkbox"
      >
        <span
          class="label"
        >
          Option 1
        </span>
        <input
          aria-checked="false"
          class="input"
          name="option_1"
          type="checkbox"
        />
        <span
          class="checkmark not-checked not-disabled"
        />
      </label>
    </li>
    <li>
      <label
        class="wrapper checkbox"
      >
        <span
          class="label"
        >
          Option 2
        </span>
        <input
          aria-checked="false"
          class="input"
          name="option_2"
          type="checkbox"
        />
        <span
          class="checkmark not-checked not-disabled"
        />
      </label>
    </li>
  </ul>
</DocumentFragment>
`;
