// Jest Snapshot v1, https://goo.gl/fbAQLP

exports[`RadioGroup renders 1`] = `
<DocumentFragment>
  <div
    class="radio-group"
  >
    <ul
      class="wrapper typeColumn"
    >
      <li
        class="item"
      >
        <input
          id="radio-test-group-0"
          name="test-group"
          type="radio"
          value="option_1"
        />
        <label
          for="radio-test-group-0"
        >
          Option 1
        </label>
        <div
          class="check"
        />
      </li>
      <li
        class="item"
      >
        <input
          id="radio-test-group-1"
          name="test-group"
          type="radio"
          value="option_2"
        />
        <label
          for="radio-test-group-1"
        >
          Option 2
        </label>
        <div
          class="check"
        />
      </li>
    </ul>
  </div>
</DocumentFragment>
`;
