// Jest Snapshot v1, https://goo.gl/fbAQLP

exports[`TextArea renders 1`] = `
<DocumentFragment>
  .c0 {
  position: relative;
}

.c1 {
  border-width: 0.0625rem;
  border-style: solid;
  border-color: #D9D4ED;
  border-radius: 0.5rem;
  width: 100%;
  height: 6.25rem;
  min-height: 3.125rem;
  padding: 0.625rem;
  font-family: inherit;
  font-size: 1rem;
  word-break: break-word;
  -webkit-transition-duration: 0.3s;
  transition-duration: 0.3s;
  resize: none;
}

.c1:hover {
  border-color: #C7BFE4;
}

.c1:focus {
  border-color: #4329A6;
  outline: none;
}

.c1:disabled {
  background-color: #E3E3E8;
  color: #ABACBA;
}

.c1:invalid {
  border-color: #EB5757;
  outline: none;
  box-shadow: none;
  -webkit-box-shadow: none;
  -moz-box-shadow: none;
}

.c1:required {
  border-color: #D9D4ED;
}

.c1::-webkit-input-placeholder {
  color: #C7C8D1;
  opacity: 1;
}

.c1::-moz-placeholder {
  color: #C7C8D1;
  opacity: 1;
}

.c1:-ms-input-placeholder {
  color: #C7C8D1;
  opacity: 1;
}

.c1::placeholder {
  color: #C7C8D1;
  opacity: 1;
}

.c1:-ms-input-placeholder {
  color: #C7C8D1;
  opacity: 1;
}

.c1::-ms-input-placeholder {
  color: #C7C8D1;
  opacity: 1;
}

<div
    class="c0 text-field"
  >
    <textarea
      class="c1 text-area"
    >
      this is my text
    </textarea>
  </div>
</DocumentFragment>
`;
