// Jest Snapshot v1, https://goo.gl/fbAQLP

exports[`Button Link renders 1`] = `
<DocumentFragment>
  <a
    aria-hidden="false"
    aria-label=""
    class="buttonLink variantSolid notRounded iconOnly iconLeft button button-link"
    data-event=""
    data-testid=""
    href="https://github.com/taikai/taikai-design-system"
    rel=""
    style="--bg: #4329A6; --txt: #ffffff; --hover: #362185; --buttonMinWidth: 2.625rem; --textOrder: 2; --iconOrder: 1;"
    target=""
  />
</DocumentFragment>
`;
