// Jest Snapshot v1, https://goo.gl/fbAQLP

exports[`Button Link renders 1`] = `
<DocumentFragment>
  <a
    class="sc-dlfnbm gWdZLC button button-link"
    color="primary"
    data-event=""
    data-testid=""
    href="https://github.com/taikai/taikai-design-system"
    rel=""
    target=""
    value=""
  />
</DocumentFragment>
`;
