// Jest Snapshot v1, https://goo.gl/fbAQLP

exports[`Checkbox renders 1`] = `
<DocumentFragment>
  <label
    class="sc-hKgILt evueWg"
  >
    <span
      class="sc-eCssSg hvEIaS"
    >
      hello
    </span>
    <input
      checked=""
      class="sc-jSgupP eRktch"
      name="check"
      type="checkbox"
    />
    <span
      class="sc-gKsewC jUEPRW"
    />
  </label>
</DocumentFragment>
`;
