// Jest Snapshot v1, https://goo.gl/fbAQLP

exports[`Checkbox renders 1`] = `
<DocumentFragment>
  <label
    class="sc-dlfnbm cOiyNW"
  >
    <span
      class="sc-hKgILt byfDOB"
    >
      hello
    </span>
    <input
      checked=""
      class="sc-eCssSg ugTxk"
      name="check"
      type="checkbox"
    />
    <span
      class="sc-jSgupP fNROdD"
    />
  </label>
</DocumentFragment>
`;
