// Jest Snapshot v1, https://goo.gl/fbAQLP

exports[`TextField Appendix renders 1`] = `
<DocumentFragment>
  .c2 {
  border-width: 0.0625rem;
  border-style: solid;
  border-color: #939393;
  border-radius: 6px;
  height: 3.125rem;
  padding: 0.625rem;
  font-family: inherit;
  font-size: 1rem;
  -webkit-transition-duration: 0.3s;
  transition-duration: 0.3s;
}

.c2:focus {
  border-color: #4329A6;
  outline: none;
}

.c2:disabled {
  background-color: #c4c7d3;
  color: #939393;
}

.c2:invalid {
  border-color: #ef5766;
  outline: none;
  box-shadow: none;
  -webkit-box-shadow: none;
  -moz-box-shadow: none;
}

.c2:required {
  border-color: #939393;
}

.c2::-webkit-input-placeholder {
  color: #939393;
  opacity: 1;
}

.c2::-moz-placeholder {
  color: #939393;
  opacity: 1;
}

.c2:-ms-input-placeholder {
  color: #939393;
  opacity: 1;
}

.c2::placeholder {
  color: #939393;
  opacity: 1;
}

.c2:-ms-input-placeholder {
  color: #939393;
  opacity: 1;
}

.c2::-ms-input-placeholder {
  color: #939393;
  opacity: 1;
}

.c0 {
  border-width: 0.0625rem;
  border-style: solid;
  border-color: #939393;
  border-radius: 0.375rem;
  display: -webkit-box;
  display: -webkit-flex;
  display: -ms-flexbox;
  display: flex;
  overflow: hidden;
}

.c0 input {
  -webkit-flex: 1;
  -ms-flex: 1;
  flex: 1;
  border: 0;
  color: #000000;
}

.c0 input:disabled {
  margin: 0;
  border-radius: 0;
}

.c0 + span {
  margin-top: 0;
}

.c1 {
  border-width: 0 0.0625rem 0 0;
  border-style: solid;
  border-color: #939393;
  background-color: #c4c7d3;
  padding: 0 0.9375rem;
  color: #939393;
  line-height: 3rem;
  vertical-align: center;
  overflow: hidden;
  white-space: nowrap;
  text-overflow: ellipsis;
}

<div
    class="c0 text-field-appendix"
  >
    <div
      class="c1"
    >
      <span>
        appendix
      </span>
    </div>
    <input
      class="c2 text-field"
      placeholder=""
      type="text"
      value="this is my text"
    />
  </div>
</DocumentFragment>
`;
