// Jest Snapshot v1, https://goo.gl/fbAQLP

exports[`TextField Appendix renders 1`] = `
<DocumentFragment>
  <div
    class="wrapper"
  >
    <div
      class="appendix appendixLeft"
    >
      <span>
        appendix
      </span>
    </div>
    <input
      class="textField text-field"
      placeholder=""
      type="text"
      value="this is my text"
    />
  </div>
</DocumentFragment>
`;
