// Jest Snapshot v1, https://goo.gl/fbAQLP

exports[`GridContainer renders 1`] = `
<DocumentFragment>
  <div
    class="wrapper"
  >
    <div
      class="gridRow grid-row"
    >
      <div
        class="gridCol grid-col"
        style="--gridColSize: 1;"
      >
        Col 1
      </div>
      <div
        class="gridCol grid-col"
        style="--gridColSize: 1;"
      >
        Col 2
      </div>
      <div
        class="gridCol grid-col"
        style="--gridColSize: 2;"
      >
        Col 3
      </div>
    </div>
    <div
      class="gridRow grid-row"
    >
      <div
        class="gridCol grid-col"
        style="--gridColSize: 1;"
      >
        Col 1
      </div>
      <div
        class="gridCol grid-col"
        style="--gridColSize: 1;"
      >
        Col 2
      </div>
    </div>
  </div>
</DocumentFragment>
`;
