// Jest Snapshot v1, https://goo.gl/fbAQLP

exports[`FilePicker renders 1`] = `
<DocumentFragment>
  <div
    class="wrapper"
  >
    <input
      data-multiple-caption="Select file"
      id="file"
      type="file"
    />
    <label
      for="file"
    >
      <span
        class="file-name"
      >
        Select file
      </span>
      <span
        class="button"
      >
        <svg
          class="icon"
          viewBox="0 0 32 32"
        >
          <path
            d="M25.8 13.387c-0.907-4.6-4.947-8.053-9.8-8.053-3.853 0-7.2 2.187-8.867 5.387-4.013 0.427-7.133 3.827-7.133 7.947 0 4.413 3.587 8 8 8h17.333c3.68 0 6.667-2.987 6.667-6.667 0-3.52-2.733-6.373-6.2-6.613zM18.667 17.333v5.333h-5.333v-5.333h-4l6.667-6.667 6.667 6.667h-4z"
          />
        </svg>
        Browse
      </span>
    </label>
  </div>
</DocumentFragment>
`;
