// Jest Snapshot v1, https://goo.gl/fbAQLP

exports[`ProgressBar renders 1`] = `
<DocumentFragment>
  .c0 {
  display: -webkit-box;
  display: -webkit-flex;
  display: -ms-flexbox;
  display: flex;
  -webkit-align-items: center;
  -webkit-box-align: center;
  -ms-flex-align: center;
  align-items: center;
}

.c1 {
  -webkit-flex: 1;
  -ms-flex: 1;
  flex: 1;
  border-radius: 999px;
  background-color: #e0e0e0;
  height: 0.625rem;
}

.c2 {
  border-radius: 999px;
  background-color: hsl(186,62%,59%);
  height: 100%;
  width: 10%;
  -webkit-transition-duration: 2s;
  transition-duration: 2s;
}

.c3 {
  margin-left: 0.3125rem;
  font-size: 0.75rem;
  font-weight: 700;
}

<div
    class="c0"
  >
    <div
      class="c1"
    >
      <div
        class="c2"
      />
    </div>
    <div
      class="c3"
    >
      10%
    </div>
  </div>
</DocumentFragment>
`;
