// Jest Snapshot v1, https://goo.gl/fbAQLP

exports[`LoadingState renders 1`] = `
<DocumentFragment>
  <div
    class="wrapper"
  >
    <div>
      <div>
        <div
          class="title"
        />
        <div
          class="subtitle"
        />
        <div
          class="paragraph"
        />
        <div
          class="paragraph"
        />
        <div
          class="paragraph"
        />
      </div>
    </div>
  </div>
</DocumentFragment>
`;
