// Jest Snapshot v1, https://goo.gl/fbAQLP

exports[`Modal Footer renders 1`] = `
<DocumentFragment>
  <div
    class="footer"
  >
    <button
      aria-hidden="false"
      class="button variantOutline notRounded iconLeft button"
      data-event=""
      data-testid=""
      style="--bg: #ABACBA; --txt: #ABACBA; --hover: #8F91A3; --buttonMinWidth: 5rem; --spinnerOrder: 1; --textOrder: 2; --iconOrder: 1;"
    >
      <span>
        Cancel
      </span>
    </button>
    <button
      aria-hidden="false"
      class="button variantSolid notRounded iconLeft button"
      data-event=""
      data-testid=""
      style="--bg: #4329A6; --txt: #ffffff; --hover: #362185; --buttonMinWidth: 5rem; --spinnerOrder: 1; --textOrder: 2; --iconOrder: 1;"
      type="submit"
    >
      <span>
        save
      </span>
    </button>
  </div>
</DocumentFragment>
`;
