// Jest Snapshot v1, https://goo.gl/fbAQLP

exports[`Modal Footer renders 1`] = `
<DocumentFragment>
  .c1 {
  --bg: #939393;
  --txt: #ffffff;
  --hover: #939393;
  margin: 0;
  border-width: 0.0625rem;
  border-style: solid;
  border-color: var(--bg);
  border-radius: 0.5rem;
  background-color: transparent;
  width: -webkit-min-content;
  width: -moz-min-content;
  width: min-content;
  min-width: 5rem;
  height: 2.625rem;
  display: -webkit-box;
  display: -webkit-flex;
  display: -ms-flexbox;
  display: flex;
  -webkit-box-pack: center;
  -webkit-justify-content: center;
  -ms-flex-pack: center;
  justify-content: center;
  -webkit-align-items: center;
  -webkit-box-align: center;
  -ms-flex-align: center;
  align-items: center;
  padding: 0 1.75rem;
  text-transform: uppercase;
  white-space: nowrap;
  -webkit-text-decoration: none;
  text-decoration: none;
  -webkit-transition-duration: 0.3s;
  transition-duration: 0.3s;
  cursor: pointer;
}

.c1:hover {
  border-color: var(--hover);
  background-color: transparent;
}

.c1:hover span {
  color: var(--hover);
}

.c1:hover svg {
  fill: var(--hover);
}

.c1:disabled {
  cursor: inherit;
  opacity: 0.5;
}

.c1:disabled:hover {
  background-color: transparent;
  pointer-events: none;
}

.c1 > *:not(:last-child) {
  margin-left: 0;
  margin-right: 0.5rem;
}

.c1 .spinner {
  border-top-color: var(--button);
}

.c1 span {
  position: relative;
  font-size: 1rem;
  font-weight: 500;
  -webkit-letter-spacing: 0.0625rem;
  -moz-letter-spacing: 0.0625rem;
  -ms-letter-spacing: 0.0625rem;
  letter-spacing: 0.0625rem;
  line-height: 1rem;
  color: var(--bg);
  pointer-events: none;
  -webkit-transition-duration: 0.3s;
  transition-duration: 0.3s;
  -webkit-order: 2;
  -ms-flex-order: 2;
  order: 2;
}

.c1 svg {
  -webkit-order: 1;
  -ms-flex-order: 1;
  order: 1;
  width: 1rem;
  height: 1rem;
  fill: var(--bg);
  -webkit-transition: 0.3s;
  transition: 0.3s;
}

.c2 {
  --bg: #4329A6;
  --txt: #ffffff;
  --hover: #362185;
  margin: 0;
  border-width: 0;
  border-style: solid;
  border-color: var(--bg);
  border-radius: 0.5rem;
  background-color: var(--bg);
  width: -webkit-min-content;
  width: -moz-min-content;
  width: min-content;
  min-width: 5rem;
  height: 2.625rem;
  display: -webkit-box;
  display: -webkit-flex;
  display: -ms-flexbox;
  display: flex;
  -webkit-box-pack: center;
  -webkit-justify-content: center;
  -ms-flex-pack: center;
  justify-content: center;
  -webkit-align-items: center;
  -webkit-box-align: center;
  -ms-flex-align: center;
  align-items: center;
  padding: 0 1.75rem;
  text-transform: uppercase;
  white-space: nowrap;
  -webkit-text-decoration: none;
  text-decoration: none;
  -webkit-transition-duration: 0.3s;
  transition-duration: 0.3s;
  cursor: pointer;
}

.c2:hover {
  background-color: var(--hover);
}

.c2:disabled {
  cursor: inherit;
  opacity: 0.5;
}

.c2:disabled:hover {
  background-color: var(--bg);
  pointer-events: none;
}

.c2 > *:not(:last-child) {
  margin-left: 0;
  margin-right: 0.5rem;
}

.c2 span {
  position: relative;
  font-size: 1rem;
  font-weight: 500;
  -webkit-letter-spacing: 0.0625rem;
  -moz-letter-spacing: 0.0625rem;
  -ms-letter-spacing: 0.0625rem;
  letter-spacing: 0.0625rem;
  line-height: 1rem;
  color: var(--txt);
  pointer-events: none;
  -webkit-transition-duration: 0.3s;
  transition-duration: 0.3s;
  -webkit-order: 2;
  -ms-flex-order: 2;
  order: 2;
}

.c2 svg {
  -webkit-order: 1;
  -ms-flex-order: 1;
  order: 1;
  width: 1rem;
  height: 1rem;
  fill: var(--txt);
  -webkit-transition: 0.3s;
  transition: 0.3s;
}

.c0 {
  position: relative;
  margin-top: 3.125rem;
  max-width: 100%;
  display: -webkit-box;
  display: -webkit-flex;
  display: -ms-flexbox;
  display: flex;
  -webkit-box-pack: center;
  -webkit-justify-content: center;
  -ms-flex-pack: center;
  justify-content: center;
}

.c0 > button {
  min-width: 6.25rem;
}

.c0 > button:not(:last-child) {
  margin-right: 0.3125rem;
}

@media (min-width:700px) {
  .c0 {
    -webkit-box-pack: end;
    -webkit-justify-content: flex-end;
    -ms-flex-pack: end;
    justify-content: flex-end;
  }
}

<div
    class="c0 modal-footer"
  >
    <button
      aria-hidden="false"
      class="c1 button"
      color="grey"
      data-event=""
      data-testid=""
      value="Cancel"
    >
      <span>
        Cancel
      </span>
    </button>
    <button
      aria-hidden="false"
      class="c2 button"
      color="purple500"
      data-event=""
      data-testid=""
      type="submit"
      value="save"
    >
      <span>
        save
      </span>
    </button>
  </div>
</DocumentFragment>
`;
