// Jest Snapshot v1, https://goo.gl/fbAQLP

exports[`Slideshow renders 1`] = `
<DocumentFragment>
  <div
    class="wrapper"
  >
    <div
      class="carousel-root"
      tabindex="0"
    >
      <div
        class="carousel carousel-slider"
        style="width: 100%;"
      >
        <ul
          class="control-dots"
        >
          <li
            aria-label="Slide 1 selected"
            class="selected"
            title="Slide 1 selected"
          />
          <li>
            <button
              aria-label="Slide 2"
              tabindex="0"
              title="Slide 2"
              value="1"
            />
          </li>
          <li>
            <button
              aria-label="Slide 3"
              tabindex="0"
              title="Slide 3"
              value="2"
            />
          </li>
        </ul>
        <button
          aria-hidden="false"
          aria-label="Previous"
          class="button variantText iconOnly iconLeft previous"
          data-event=""
          data-testid=""
          style="--bg: #4329A6; --txt: #ffffff; --hover: #362185; --buttonMinWidth: 2.625rem; --spinnerOrder: 1; --textOrder: 2; --iconOrder: 1;"
        >
          <svg
            class="icon"
            viewBox="0 0 32 32"
          >
            <path
              d="M25.333 14.667h-14.893l6.507-6.507c0.52-0.52 0.52-1.373 0-1.893s-1.36-0.52-1.88 0l-8.787 8.787c-0.52 0.52-0.52 1.36 0 1.88l8.787 8.787c0.52 0.52 1.36 0.52 1.88 0s0.52-1.36 0-1.88l-6.507-6.507h14.893c0.733 0 1.333-0.6 1.333-1.333s-0.6-1.333-1.333-1.333z"
            />
          </svg>
        </button>
        <div
          class="slider-wrapper axis-horizontal"
          style="height: auto;"
        >
          <ul
            class="slider animated"
            style="transform: translate3d(-100%,0,0); transition-duration: 1000ms;"
          >
            <li
              class="slide"
            >
              <img
                alt="img"
                src="https://images.unsplash.com/photo-1590947132387-155cc02f3212?ixid=MnwxMjA3fDB8MHxwaG90by1wYWdlfHx8fGVufDB8fHx8&ixlib=rb-1.2.1&auto=format&fit=crop&w=640&h=426&q=80"
              />
            </li>
            <li
              class="slide selected previous"
            >
              <img
                alt="img"
                src="https://images.unsplash.com/photo-1517686469429-8bdb88b9f907?ixlib=rb-1.2.1&ixid=MnwxMjA3fDB8MHxwaG90by1wYWdlfHx8fGVufDB8fHx8&auto=format&fit=crop&w=640&h=426&q=80"
              />
            </li>
            <li
              class="slide"
            >
              <img
                alt="img"
                src="https://images.unsplash.com/photo-1561350111-7daa4f284bc6?ixid=MnwxMjA3fDB8MHxwaG90by1wYWdlfHx8fGVufDB8fHx8&ixlib=rb-1.2.1&auto=format&fit=crop&w=640&h=426&q=80"
              />
            </li>
            <li
              class="slide"
            >
              <img
                alt="img"
                src="https://images.unsplash.com/photo-1590947132387-155cc02f3212?ixid=MnwxMjA3fDB8MHxwaG90by1wYWdlfHx8fGVufDB8fHx8&ixlib=rb-1.2.1&auto=format&fit=crop&w=640&h=426&q=80"
              />
            </li>
            <li
              class="slide selected previous"
            >
              <img
                alt="img"
                src="https://images.unsplash.com/photo-1517686469429-8bdb88b9f907?ixlib=rb-1.2.1&ixid=MnwxMjA3fDB8MHxwaG90by1wYWdlfHx8fGVufDB8fHx8&auto=format&fit=crop&w=640&h=426&q=80"
              />
            </li>
          </ul>
        </div>
        <button
          aria-hidden="false"
          aria-label="Next"
          class="button variantText iconOnly iconLeft next"
          data-event=""
          data-testid=""
          style="--bg: #4329A6; --txt: #ffffff; --hover: #362185; --buttonMinWidth: 2.625rem; --spinnerOrder: 1; --textOrder: 2; --iconOrder: 1;"
        >
          <svg
            class="icon"
            viewBox="0 0 32 32"
          >
            <path
              d="M6.667 17.333h14.893l-6.507 6.507c-0.52 0.52-0.52 1.373 0 1.893s1.36 0.52 1.88 0l8.787-8.787c0.52-0.52 0.52-1.36 0-1.88l-8.773-8.8c-0.52-0.52-1.36-0.52-1.88 0s-0.52 1.36 0 1.88l6.493 6.52h-14.893c-0.733 0-1.333 0.6-1.333 1.333s0.6 1.333 1.333 1.333z"
            />
          </svg>
        </button>
      </div>
    </div>
  </div>
</DocumentFragment>
`;
