// Jest Snapshot v1, https://goo.gl/fbAQLP

exports[`Avatar renders 1`] = `
<DocumentFragment>
  .c0 {
  border: 1px solid hsl(0,0%,16%);
  border-radius: 999px;
  width: 1.875rem;
  height: 1.875rem;
  object-fit: cover;
  overflow: hidden;
}

<img
    alt="avatar alt"
    class="c0 tk-avatar"
    src="/dummy.png"
  />
</DocumentFragment>
`;
