// Jest Snapshot v1, https://goo.gl/fbAQLP

exports[`FormGroup renders 1`] = `
<DocumentFragment>
  <div
    class="wrapper"
  >
    <label
      class="label"
    >
      label
    </label>
    <input
      class="textField text-field"
      placeholder=""
      type="text"
      value="this is my text"
    />
  </div>
</DocumentFragment>
`;
