// Jest Snapshot v1, https://goo.gl/fbAQLP

exports[`NumberInputSpinner renders 1`] = `
<DocumentFragment>
  .c0 {
  border: 0.0625rem solid #939393;
  border-radius: 0.375rem;
  max-width: -webkit-max-content;
  max-width: -moz-max-content;
  max-width: max-content;
  height: 3.125rem;
  display: -webkit-box;
  display: -webkit-flex;
  display: -ms-flexbox;
  display: flex;
  overflow: hidden;
}

.c0 button:disabled,
.c0 input:disabled {
  cursor: inherit;
  background-color: #f4f4f4;
}

.c0 button:disabled svg,
.c0 input:disabled svg {
  opacity: 0.25;
}

.c0 button:disabled:hover,
.c0 input:disabled:hover {
  pointer-events: none;
}

.c2 {
  border: 0;
  width: 70px;
  height: 3.125rem;
  padding: 0.625rem;
  font-family: inherit;
  font-size: 1rem;
  text-align: center;
  -moz-appearance: textfield;
}

.c2::-webkit-outer-spin-button,
.c2::-webkit-inner-spin-button {
  -webkit-appearance: none;
  margin: 0;
}

.c2:focus {
  outline: none;
}

.c2:invalid {
  box-shadow: none;
  background-color: #facbd0;
}

.c1 {
  width: 3.125rem;
  height: 3.125rem;
  border: 0;
  background-color: #f4f4f4;
  cursor: pointer;
  -webkit-transition-duration: 0.3s;
  transition-duration: 0.3s;
}

.c1.remove-button {
  border-right: 0.0625rem solid #939393;
}

.c1.add-button {
  border-left: 0.0625rem solid #939393;
}

.c1 svg {
  width: auto;
  height: 1.25rem;
  fill: #939393;
}

.c1:hover {
  background-color: #f4f4f4;
}

<div
    class="c0"
  >
    <button
      aria-label="Decrease Value"
      class="c1 remove-button"
    >
      <svg
        class="icon"
        viewBox="0 0 32 32"
      >
        <path
          d="M24 17.333h-16c-0.733 0-1.333-0.6-1.333-1.333v0c0-0.733 0.6-1.333 1.333-1.333h16c0.733 0 1.333 0.6 1.333 1.333v0c0 0.733-0.6 1.333-1.333 1.333z"
        />
      </svg>
    </button>
    <input
      class="c2"
      max="10"
      min="0"
      type="number"
      value="5"
    />
    <button
      aria-label="Increase Value"
      class="c1 add-button"
    >
      <svg
        class="icon"
        viewBox="0 0 32 32"
      >
        <path
          d="M24 17.333h-6.667v6.667c0 0.733-0.6 1.333-1.333 1.333s-1.333-0.6-1.333-1.333v-6.667h-6.667c-0.733 0-1.333-0.6-1.333-1.333s0.6-1.333 1.333-1.333h6.667v-6.667c0-0.733 0.6-1.333 1.333-1.333s1.333 0.6 1.333 1.333v6.667h6.667c0.733 0 1.333 0.6 1.333 1.333s-0.6 1.333-1.333 1.333z"
        />
      </svg>
    </button>
  </div>
</DocumentFragment>
`;
