// Jest Snapshot v1, https://goo.gl/fbAQLP

exports[`Table renders 1`] = `
<DocumentFragment>
  <div
    class="tableWrapper"
  >
    <div
      class="overflowWrapper"
    >
      <table
        class="table hasBorder table"
        data-testid="table-test-id"
      >
        <thead>
          <tr>
            <th
              class="avatar"
            >
              Last Transaction
            </th>
            <th
              class="kai"
            >
              Amount
            </th>
            <th />
          </tr>
        </thead>
        <tbody>
          <tr
            data-testid="row-table-test-id"
          >
            <td
              class="avatar"
              data-label="Last Transaction"
              data-testid="td-undefined"
            >
              <div>
                <div
                  class="avatar-img wrapper"
                  style="--avatarSize: 30px;"
                >
                  <img
                    alt="To the Moon"
                    src="./images/default-avatar.svg"
                  />
                </div>
                 To the Moon
              </div>
            </td>
            <td
              class="kai"
              data-label="Amount"
              data-testid="td-undefined"
            >
              <div>
                2700
              </div>
            </td>
            <td
              class="menu"
              data-testid="table-action-menu"
            >
              <div>
                <button
                  aria-hidden="false"
                  class="button variantText iconOnly iconLeft button"
                  data-event=""
                  data-testid="icon-button"
                  style="--bg: #73758C; --txt: #ffffff; --hover: #5C5E70; --buttonMinWidth: 2.625rem; --spinnerOrder: 1; --textOrder: 2; --iconOrder: 1;"
                >
                  <svg
                    class="icon"
                    viewBox="0 0 32 32"
                  >
                    <path
                      d="M16 10.667c1.473 0 2.667-1.194 2.667-2.667s-1.194-2.667-2.667-2.667c-1.473 0-2.666 1.194-2.667 2.666v0c0.004 1.471 1.196 2.662 2.666 2.667h0zM16 13.333c-1.473 0-2.667 1.194-2.667 2.667s1.194 2.667 2.667 2.667c1.473 0 2.667-1.194 2.667-2.667v0c-0.005-1.471-1.196-2.662-2.666-2.667h-0zM16 21.333c-1.473 0-2.667 1.194-2.667 2.667s1.194 2.667 2.667 2.667c1.473 0 2.667-1.194 2.667-2.667v0c-0.005-1.471-1.196-2.662-2.666-2.667h-0z"
                    />
                  </svg>
                </button>
              </div>
            </td>
          </tr>
        </tbody>
      </table>
    </div>
  </div>
</DocumentFragment>
`;
