// Jest Snapshot v1, https://goo.gl/fbAQLP

exports[`Table renders 1`] = `
<DocumentFragment>
  .c3 {
  position: relative;
  border: 0.125rem solid #C7C8D1;
  border-radius: 999px;
  width: 30px;
  height: 30px;
  overflow: hidden;
  z-index: 0;
}

.c3 > * {
  width: 100%;
  height: 100%;
}

.c3 img {
  object-fit: cover;
}

.c4 {
  --bg: #73758C;
  --txt: #ffffff;
  --hover: #5C5E70;
  margin: 0;
  border-width: 0;
  border-style: solid;
  border-color: var(--bg);
  border-radius: 0;
  background-color: transparent;
  width: -webkit-min-content;
  width: -moz-min-content;
  width: min-content;
  min-width: 2.625rem;
  height: 2.75rem;
  display: -webkit-box;
  display: -webkit-flex;
  display: -ms-flexbox;
  display: flex;
  -webkit-box-pack: center;
  -webkit-justify-content: center;
  -ms-flex-pack: center;
  justify-content: center;
  -webkit-align-items: center;
  -webkit-box-align: center;
  -ms-flex-align: center;
  align-items: center;
  padding: 0;
  white-space: nowrap;
  -webkit-text-decoration: none;
  text-decoration: none;
  -webkit-transition-duration: 0.3s;
  transition-duration: 0.3s;
  cursor: pointer;
  outline: none;
}

.c4:hover {
  border-color: var(--hover);
  background-color: transparent;
}

.c4:hover span {
  color: var(--hover);
}

.c4:hover svg {
  fill: var(--hover);
}

.c4:disabled {
  cursor: inherit;
  opacity: 0.5;
}

.c4:disabled:hover {
  background-color: transparent;
  pointer-events: none;
}

.c4 > *:not(:last-child) {
  margin-left: 0;
  margin-right: 0.875rem;
}

.c4 .spinner {
  -webkit-order: 1;
  -ms-flex-order: 1;
  order: 1;
  border-top-color: var(--button);
}

.c4 span {
  position: relative;
  font-size: 1rem;
  font-weight: 500;
  line-height: 1rem;
  color: var(--bg);
  pointer-events: none;
  -webkit-transition-duration: 0.3s;
  transition-duration: 0.3s;
  -webkit-order: 2;
  -ms-flex-order: 2;
  order: 2;
}

.c4 svg {
  -webkit-order: 1;
  -ms-flex-order: 1;
  order: 1;
  width: 1.25rem;
  height: 1.25rem;
  fill: var(--bg);
  -webkit-transition: 0.3s;
  transition: 0.3s;
}

.c0 {
  position: relative;
}

.c2 {
  width: 100%;
  border-width: 0;
  border-style: solid;
  border-color: #C7C8D1;
  border-radius: 0.5rem;
  border-spacing: 0;
  white-space: nowrap;
}

.c2 th,
.c2 td {
  height: 3.125rem;
  padding: 0 0.9375rem;
}

.c2 th.center,
.c2 td.center {
  text-align: center;
}

.c2 th.center > div,
.c2 td.center > div {
  -webkit-box-pack: center;
  -webkit-justify-content: center;
  -ms-flex-pack: center;
  justify-content: center;
}

.c2 th.right,
.c2 td.right {
  text-align: right;
}

.c2 th.right > div,
.c2 td.right > div {
  -webkit-box-pack: end;
  -webkit-justify-content: flex-end;
  -ms-flex-pack: end;
  justify-content: flex-end;
}

.c2 th.vkai,
.c2 td.vkai,
.c2 th.tkai,
.c2 td.tkai,
.c2 th.lx,
.c2 td.lx,
.c2 th.vote,
.c2 td.vote {
  text-align: right;
}

.c2 th.vkai > div,
.c2 td.vkai > div,
.c2 th.tkai > div,
.c2 td.tkai > div,
.c2 th.lx > div,
.c2 td.lx > div,
.c2 th.vote > div,
.c2 td.vote > div {
  -webkit-box-pack: end;
  -webkit-justify-content: flex-end;
  -ms-flex-pack: end;
  justify-content: flex-end;
}

.c2 th.avatar > div,
.c2 td.avatar > div {
  display: -webkit-box;
  display: -webkit-flex;
  display: -ms-flexbox;
  display: flex;
  -webkit-align-items: center;
  -webkit-box-align: center;
  -ms-flex-align: center;
  align-items: center;
}

.c2 th.avatar > div .avatar-img,
.c2 td.avatar > div .avatar-img {
  margin-right: 0.9375rem;
}

.c2 th {
  font-size: 0.875rem;
}

.c2 th:first-child {
  border-top-left-radius: 0.5rem;
}

.c2 th:last-child {
  border-top-right-radius: 0.5rem;
}

.c2 tr {
  border: 0.0625rem solid #C7C8D1;
  border-radius: 0.5rem;
  position: relative;
}

.c2 tr:not(:last-child) {
  margin-bottom: 0.9375rem;
}

.c2 thead {
  border: none;
  -webkit-clip: rect(0 0 0 0);
  clip: rect(0 0 0 0);
  height: 0.0625rem;
  margin: -0.0625rem;
  overflow: hidden;
  padding: 0;
  position: absolute;
  width: 0.0625rem;
}

.c2 tbody tr {
  display: block;
  -webkit-transition-duration: 0.3s;
  transition-duration: 0.3s;
}

.c2 tbody tr:hover {
  background-color: #F1F1F3;
}

.c2 tbody tr:hover td.menu button {
  opacity: 1;
}

.c2 tbody td {
  border-top: 0.0625rem solid #C7C8D1;
  height: inherit;
  min-height: 3.125rem;
  padding: 0.9375rem;
  display: -webkit-box;
  display: -webkit-flex;
  display: -ms-flexbox;
  display: flex;
  -webkit-box-pack: end;
  -webkit-justify-content: flex-end;
  -ms-flex-pack: end;
  justify-content: flex-end;
  -webkit-align-items: center;
  -webkit-box-align: center;
  -ms-flex-align: center;
  align-items: center;
}

.c2 tbody td > div {
  margin-left: 6.25rem;
  height: 100%;
  display: -webkit-box;
  display: -webkit-flex;
  display: -ms-flexbox;
  display: flex;
  -webkit-box-pack: end;
  -webkit-justify-content: flex-end;
  -ms-flex-pack: end;
  justify-content: flex-end;
  -webkit-align-items: center;
  -webkit-box-align: center;
  -ms-flex-align: center;
  align-items: center;
  -webkit-flex-wrap: nowrap;
  -ms-flex-wrap: nowrap;
  flex-wrap: nowrap;
  text-align: right;
}

.c2 tbody td > div > span {
  display: none;
}

.c2 tbody td > div > span:first-child,
.c2 tbody td > div > span:last-child {
  display: inherit;
}

.c2 tbody td img {
  min-width: 1.875rem;
  min-height: 1.875rem;
}

.c2 tbody td a {
  display: -webkit-box;
  display: -webkit-flex;
  display: -ms-flexbox;
  display: flex;
  -webkit-align-items: center;
  -webkit-box-align: center;
  -ms-flex-align: center;
  align-items: center;
  color: #000000;
  -webkit-text-decoration-color: #8F91A3;
  text-decoration-color: #8F91A3;
}

.c2 tbody td:first-child {
  border: 0;
}

.c2 tbody td:before {
  position: absolute;
  left: 0.9375rem;
  content: attr(data-label);
  font-weight: 600;
  text-transform: capitalize;
}

.c2 tbody td.tkai svg,
.c2 tbody td.vkai svg,
.c2 tbody td.lx svg,
.c2 tbody td.vote svg {
  float: right;
  margin-left: 0.3125rem;
  width: auto;
  min-width: 1.375rem;
  max-height: 1.375rem;
}

.c2 tbody td .avatar-img {
  display: none;
}

.c2 tbody td .tag {
  margin: 0;
}

.c2 tbody td .tag:not(:first-child) {
  display: none;
}

.c2 tbody td .button {
  height: 2.125rem;
}

.c2 tbody td.menu {
  padding: 0 0.625rem 0 0;
}

.c2 tbody td.menu button {
  margin-top: 0.3125rem;
  -webkit-transition: 0.3s;
  transition: 0.3s;
}

.c2 tbody td.menu ul {
  top: 2.25rem;
  margin-left: -10.625rem;
}

@media (min-width:700px) {
  .c1 {
    display: block;
    border-radius: 0.5rem;
    background: linear-gradient(to right,#ffffff 30%,rgba(255,255,255,0)), linear-gradient(to right,rgba(255,255,255,0),#ffffff 70%) 0 100%, radial-gradient( farthest-side at 0% 50%, rgba(0,0,0,0.2), rgba(0,0,0,0) ), radial-gradient( farthest-side at 100% 50%, rgba(0,0,0,0.2), rgba(0,0,0,0) ) 0 100%;
    background-repeat: no-repeat;
    background-color: #ffffff;
    background-size: 2.5rem 100%, 2.5rem 100%, 0.875rem 100%, 0.875rem 100%;
    background-position: 0 0, 100%, 0 0, 100%;
    background-attachment: local,local,scroll,scroll;
    overflow-x: auto;
    -webkit-overflow-scrolling: touch;
    -ms-overflow-style: -ms-autohiding-scrollbar;
    -webkit-scrollbar-width: none;
    -moz-scrollbar-width: none;
    -ms-scrollbar-width: none;
    -webkit-scrollbar-width: none;
    -moz-scrollbar-width: none;
    -ms-scrollbar-width: none;
    scrollbar-width: none;
  }
}

@media (min-width:700px) {
  .c2 {
    border-width: 0.0625rem;
  }
}

@media (min-width:700px) {
  .c2 th.thin,
  .c2 td.thin {
    max-width: -webkit-min-content;
    max-width: -moz-min-content;
    max-width: min-content;
  }
}

@media (min-width:700px) {
  .c2 tr {
    border: 0;
  }
}

@media (min-width:700px) {
  .c2 thead {
    display: contents;
    font-weight: 600;
    color: #8F91A3;
    text-align: left;
  }
}

@media (min-width:700px) {
  .c2 tbody tr {
    display: table-row;
  }
}

@media (min-width:700px) {
  .c2 tbody td {
    display: table-cell;
    height: 3.125rem;
    padding: 0 0.9375rem;
  }

  .c2 tbody td > div {
    position: relative;
    margin-left: 0;
    display: flex-start;
    -webkit-box-pack: start;
    -webkit-justify-content: flex-start;
    -ms-flex-pack: start;
    justify-content: flex-start;
    text-align: left;
  }

  .c2 tbody td > div > span {
    display: inherit;
  }

  .c2 tbody td:first-child {
    border-top: 0.0625rem solid #C7C8D1;
  }

  .c2 tbody td:before {
    content: '';
  }

  .c2 tbody td.tkai,
  .c2 tbody td.vkai {
    max-width: 6.25rem;
  }

  .c2 tbody td .avatar-img {
    display: inherit;
  }

  .c2 tbody td .tag:not(:first-child) {
    display: inherit;
  }

  .c2 tbody td .tag:not(:last-child) {
    margin-right: 0.3125rem;
  }

  .c2 tbody td.menu {
    width: 2.5rem;
  }

  .c2 tbody td.menu button {
    opacity: 0;
  }
}

<div
    class="c0"
  >
    <div
      class="c1"
    >
      <table
        class="c2 table"
        data-testid="table-test-id"
      >
        <thead>
          <tr>
            <th
              class="avatar"
            >
              Last Transaction
            </th>
            <th
              class="kai"
            >
              Amount
            </th>
            <th />
          </tr>
        </thead>
        <tbody>
          <tr
            data-testid="row-table-test-id"
          >
            <td
              class="avatar"
              data-label="Last Transaction"
              data-testid="td-undefined"
            >
              <div>
                <div
                  class="c3 avatar-img"
                  size="30"
                >
                  <img
                    alt="To the Moon"
                    src="./images/default-avatar.svg"
                  />
                </div>
                 To the Moon
              </div>
            </td>
            <td
              class="kai"
              data-label="Amount"
              data-testid="td-undefined"
            >
              <div>
                2700
              </div>
            </td>
            <td
              class="menu"
              data-testid="table-action-menu"
            >
              <div>
                <button
                  aria-hidden="false"
                  class="c4 button"
                  color="grey500"
                  data-event=""
                  data-testid="icon-button"
                  value=""
                >
                  <svg
                    class="icon"
                    viewBox="0 0 32 32"
                  >
                    <path
                      d="M16 10.667c1.473 0 2.667-1.194 2.667-2.667s-1.194-2.667-2.667-2.667c-1.473 0-2.666 1.194-2.667 2.666v0c0.004 1.471 1.196 2.662 2.666 2.667h0zM16 13.333c-1.473 0-2.667 1.194-2.667 2.667s1.194 2.667 2.667 2.667c1.473 0 2.667-1.194 2.667-2.667v0c-0.005-1.471-1.196-2.662-2.666-2.667h-0zM16 21.333c-1.473 0-2.667 1.194-2.667 2.667s1.194 2.667 2.667 2.667c1.473 0 2.667-1.194 2.667-2.667v0c-0.005-1.471-1.196-2.662-2.666-2.667h-0z"
                    />
                  </svg>
                </button>
              </div>
            </td>
          </tr>
        </tbody>
      </table>
    </div>
  </div>
</DocumentFragment>
`;
